Startpoint: rst (input port clocked by vclk)
Endpoint: _695_ (removal check against rising-edge clock vclk)
Path Group: **async_default**
Path Type: min

  Delay    Time   Description
---------------------------------------------------------
   0.00    0.00   clock vclk (rise edge)
   0.00    0.00   clock network delay (ideal)
   2.00    2.00 v input external delay
   0.01    2.01 v rst (in)
   0.05    2.07 ^ _351_/Y (scs8hd_inv_8)
   0.28    2.34 ^ _352_/X (scs8hd_buf_1)
   0.00    2.34 ^ _695_/RESETB (scs8hd_dfrtp_4)
           2.34   data arrival time

   0.00    0.00   clock vclk (rise edge)
   0.00    0.00   clock network delay (ideal)
   0.00    0.00   clock reconvergence pessimism
           0.00 ^ _695_/CLK (scs8hd_dfrtp_4)
   0.70    0.70   library removal time
           0.70   data required time
---------------------------------------------------------
           0.70   data required time
          -2.34   data arrival time
---------------------------------------------------------
           1.64   slack (MET)


Startpoint: _635_ (rising edge-triggered flip-flop clocked by vclk)
Endpoint: _636_ (rising edge-triggered flip-flop clocked by vclk)
Path Group: vclk
Path Type: min

  Delay    Time   Description
---------------------------------------------------------
   0.00    0.00   clock vclk (rise edge)
   0.00    0.00   clock network delay (ideal)
   0.00    0.00 ^ _635_/CLK (scs8hd_dfrtp_4)
   0.80    0.80 ^ _635_/Q (scs8hd_dfrtp_4)
   0.10    0.90 v _437_/Y (scs8hd_a21boi_4)
   0.00    0.90 v _636_/D (scs8hd_dfrtp_4)
           0.90   data arrival time

   0.00    0.00   clock vclk (rise edge)
   0.00    0.00   clock network delay (ideal)
   0.00    0.00   clock reconvergence pessimism
           0.00 ^ _636_/CLK (scs8hd_dfrtp_4)
  -0.10   -0.10   library hold time
          -0.10   data required time
---------------------------------------------------------
          -0.10   data required time
          -0.90   data arrival time
---------------------------------------------------------
           1.00   slack (MET)


Startpoint: rst (input port clocked by vclk)
Endpoint: _642_ (recovery check against rising-edge clock vclk)
Path Group: **async_default**
Path Type: max

  Delay    Time   Description
---------------------------------------------------------
   0.00    0.00   clock vclk (rise edge)
   0.00    0.00   clock network delay (ideal)
   2.00    2.00 v input external delay
   0.00    2.00 v rst (in)
   0.02    2.03 ^ _351_/Y (scs8hd_inv_8)
   0.11    2.14 ^ _373_/X (scs8hd_buf_1)
   0.12    2.26 ^ _409_/X (scs8hd_buf_1)
   0.07    2.32 ^ _415_/X (scs8hd_buf_1)
   0.00    2.32 ^ _642_/RESETB (scs8hd_dfrtp_4)
           2.32   data arrival time

  12.00   12.00   clock vclk (rise edge)
   0.00   12.00   clock network delay (ideal)
   0.00   12.00   clock reconvergence pessimism
          12.00 ^ _642_/CLK (scs8hd_dfrtp_4)
   0.12   12.12   library recovery time
          12.12   data required time
---------------------------------------------------------
          12.12   data required time
          -2.32   data arrival time
---------------------------------------------------------
           9.80   slack (MET)


Startpoint: y (input port clocked by vclk)
Endpoint: _634_ (rising edge-triggered flip-flop clocked by vclk)
Path Group: vclk
Path Type: max

  Delay    Time   Description
---------------------------------------------------------
   0.00    0.00   clock vclk (rise edge)
   0.00    0.00   clock network delay (ideal)
   2.00    2.00 ^ input external delay
   0.00    2.00 ^ y (in)
   0.11    2.11 ^ _428_/X (scs8hd_buf_1)
   0.13    2.24 ^ _429_/X (scs8hd_buf_1)
   0.09    2.33 ^ _430_/X (scs8hd_and2_4)
   0.17    2.50 ^ _431_/X (scs8hd_buf_1)
   0.04    2.55 v _434_/X (scs8hd_xor2_4)
   0.00    2.55 v _634_/D (scs8hd_dfrtp_4)
           2.55   data arrival time

  12.00   12.00   clock vclk (rise edge)
   0.00   12.00   clock network delay (ideal)
   0.00   12.00   clock reconvergence pessimism
          12.00 ^ _634_/CLK (scs8hd_dfrtp_4)
  -0.08   11.92   library setup time
          11.92   data required time
---------------------------------------------------------
          11.92   data required time
          -2.55   data arrival time
---------------------------------------------------------
           9.37   slack (MET)


